This is pdfTeX, Version 3.141592653-2.6-1.40.27 (MiKTeX 25.4) (preloaded format=pdflatex 2025.9.10)  29 SEP 2025 16:00
entering extended mode
 restricted \write18 enabled.
 %&-line parsing enabled.
**./main.tex
(main.tex
LaTeX2e <2025-06-01> patch level 1
L3 programming layer <2025-08-13>
(C:\Users\Gio\AppData\Local\Programs\MiKTeX\tex/latex/apa7\apa7.cls
Document Class: apa7 2022/07/25 v2.16 APA formatting (7th edition)
(C:\Users\Gio\AppData\Local\Programs\MiKTeX\tex/latex/base\article.cls
Document Class: article 2025/01/22 v1.4n Standard LaTeX document class
(C:\Users\Gio\AppData\Local\Programs\MiKTeX\tex/latex/base\size12.clo
File: size12.clo 2025/01/22 v1.4n Standard LaTeX file (size option)
)
\c@part=\count275
\c@section=\count276
\c@subsection=\count277
\c@subsubsection=\count278
\c@paragraph=\count279
\c@subparagraph=\count280
\c@figure=\count281
\c@table=\count282
\abovecaptionskip=\skip49
\belowcaptionskip=\skip50
\bibindent=\dimen148
)
(C:\Users\Gio\AppData\Local\Programs\MiKTeX\tex/latex/etoolbox\etoolbox.sty
Package: etoolbox 2025/02/11 v2.5l e-TeX tools for LaTeX (JAW)
\etb@tempcnta=\count283
)
Class apa7 Info: No bibliography package was specified; defaulting to (but not 
loading) Biblatex on input line 218.

(C:\Users\Gio\AppData\Local\Programs\MiKTeX\tex/latex/lm\lmodern.sty
Package: lmodern 2015/05/01 v1.6.1 Latin Modern Fonts
LaTeX Font Info:    Overwriting symbol font `operators' in version `normal'
(Font)                  OT1/cmr/m/n --> OT1/lmr/m/n on input line 22.
LaTeX Font Info:    Overwriting symbol font `letters' in version `normal'
(Font)                  OML/cmm/m/it --> OML/lmm/m/it on input line 23.
LaTeX Font Info:    Overwriting symbol font `symbols' in version `normal'
(Font)                  OMS/cmsy/m/n --> OMS/lmsy/m/n on input line 24.
LaTeX Font Info:    Overwriting symbol font `largesymbols' in version `normal'
(Font)                  OMX/cmex/m/n --> OMX/lmex/m/n on input line 25.
LaTeX Font Info:    Overwriting symbol font `operators' in version `bold'
(Font)                  OT1/cmr/bx/n --> OT1/lmr/bx/n on input line 26.
LaTeX Font Info:    Overwriting symbol font `letters' in version `bold'
(Font)                  OML/cmm/b/it --> OML/lmm/b/it on input line 27.
LaTeX Font Info:    Overwriting symbol font `symbols' in version `bold'
(Font)                  OMS/cmsy/b/n --> OMS/lmsy/b/n on input line 28.
LaTeX Font Info:    Overwriting symbol font `largesymbols' in version `bold'
(Font)                  OMX/cmex/m/n --> OMX/lmex/m/n on input line 29.
LaTeX Font Info:    Overwriting math alphabet `\mathbf' in version `normal'
(Font)                  OT1/cmr/bx/n --> OT1/lmr/bx/n on input line 31.
LaTeX Font Info:    Overwriting math alphabet `\mathsf' in version `normal'
(Font)                  OT1/cmss/m/n --> OT1/lmss/m/n on input line 32.
LaTeX Font Info:    Overwriting math alphabet `\mathit' in version `normal'
(Font)                  OT1/cmr/m/it --> OT1/lmr/m/it on input line 33.
LaTeX Font Info:    Overwriting math alphabet `\mathtt' in version `normal'
(Font)                  OT1/cmtt/m/n --> OT1/lmtt/m/n on input line 34.
LaTeX Font Info:    Overwriting math alphabet `\mathbf' in version `bold'
(Font)                  OT1/cmr/bx/n --> OT1/lmr/bx/n on input line 35.
LaTeX Font Info:    Overwriting math alphabet `\mathsf' in version `bold'
(Font)                  OT1/cmss/bx/n --> OT1/lmss/bx/n on input line 36.
LaTeX Font Info:    Overwriting math alphabet `\mathit' in version `bold'
(Font)                  OT1/cmr/bx/it --> OT1/lmr/bx/it on input line 37.
LaTeX Font Info:    Overwriting math alphabet `\mathtt' in version `bold'
(Font)                  OT1/cmtt/m/n --> OT1/lmtt/m/n on input line 38.
)
(C:\Users\Gio\AppData\Local\Programs\MiKTeX\tex/latex/base\fontenc.sty
Package: fontenc 2024/12/21 v2.1c Standard LaTeX package
LaTeX Font Info:    Trying to load font information for T1+lmr on input line 11
6.

(C:\Users\Gio\AppData\Local\Programs\MiKTeX\tex/latex/lm\t1lmr.fd
File: t1lmr.fd 2015/05/01 v1.6.1 Font defs for Latin Modern
))
(C:\Users\Gio\AppData\Local\Programs\MiKTeX\tex/latex/geometry\geometry.sty
Package: geometry 2020/01/02 v5.9 Page Geometry

(C:\Users\Gio\AppData\Local\Programs\MiKTeX\tex/latex/graphics\keyval.sty
Package: keyval 2022/05/29 v1.15 key=value parser (DPC)
\KV@toks@=\toks17
)
(C:\Users\Gio\AppData\Local\Programs\MiKTeX\tex/generic/iftex\ifvtex.sty
Package: ifvtex 2019/10/25 v1.7 ifvtex legacy package. Use iftex instead.

(C:\Users\Gio\AppData\Local\Programs\MiKTeX\tex/generic/iftex\iftex.sty
Package: iftex 2024/12/12 v1.0g TeX engine tests
))
\Gm@cnth=\count284
\Gm@cntv=\count285
\c@Gm@tempcnt=\count286
\Gm@bindingoffset=\dimen149
\Gm@wd@mp=\dimen150
\Gm@odd@mp=\dimen151
\Gm@even@mp=\dimen152
\Gm@layoutwidth=\dimen153
\Gm@layoutheight=\dimen154
\Gm@layouthoffset=\dimen155
\Gm@layoutvoffset=\dimen156
\Gm@dimlist=\toks18

(C:\Users\Gio\AppData\Local\Programs\MiKTeX\tex/latex/geometry\geometry.cfg))
(C:\Users\Gio\AppData\Local\Programs\MiKTeX\tex/latex/graphics\graphicx.sty
Package: graphicx 2024/12/31 v1.2e Enhanced LaTeX Graphics (DPC,SPQR)

(C:\Users\Gio\AppData\Local\Programs\MiKTeX\tex/latex/graphics\graphics.sty
Package: graphics 2024/08/06 v1.4g Standard LaTeX Graphics (DPC,SPQR)

(C:\Users\Gio\AppData\Local\Programs\MiKTeX\tex/latex/graphics\trig.sty
Package: trig 2023/12/02 v1.11 sin cos tan (DPC)
)
(C:\Users\Gio\AppData\Local\Programs\MiKTeX\tex/latex/graphics-cfg\graphics.cfg
File: graphics.cfg 2016/06/04 v1.11 sample graphics configuration
)
Package graphics Info: Driver file: pdftex.def on input line 106.
 (C:\Users\Gio\AppData\Local\Programs\MiKTeX\tex/latex/graphics-def\pdftex.def
File: pdftex.def 2024/04/13 v1.2c Graphics/color driver for pdftex
))
\Gin@req@height=\dimen157
\Gin@req@width=\dimen158
) (C:\Users\Gio\AppData\Local\Programs\MiKTeX\tex/latex/scalerel\scalerel.sty
Package: scalerel 2016/12/29 v1.8 Routines for constrained scaling and stretchi
ng of objects, relative to a reference object or in absolute terms
(C:\Users\Gio\AppData\Local\Programs\MiKTeX\tex/latex/tools\calc.sty
Package: calc 2025/03/01 v4.3b Infix arithmetic (KKT,FJ)
\calc@Acount=\count287
\calc@Bcount=\count288
\calc@Adimen=\dimen159
\calc@Bdimen=\dimen160
\calc@Askip=\skip51
\calc@Bskip=\skip52
LaTeX Info: Redefining \setlength on input line 86.
LaTeX Info: Redefining \addtolength on input line 87.
\calc@Ccount=\count289
\calc@Cskip=\skip53
)
\thesrwidth=\skip54
\thesrheight=\skip55
\srblobheight=\skip56
\srblobdepth=\skip57
\mnxsrwidth=\skip58
\LMex=\skip59
\LMpt=\skip60
)
(C:\Users\Gio\AppData\Local\Programs\MiKTeX\tex/latex/pgf/frontendlayer\tikz.st
y (C:\Users\Gio\AppData\Local\Programs\MiKTeX\tex/latex/pgf/basiclayer\pgf.sty
(C:\Users\Gio\AppData\Local\Programs\MiKTeX\tex/latex/pgf/utilities\pgfrcs.sty
(C:\Users\Gio\AppData\Local\Programs\MiKTeX\tex/generic/pgf/utilities\pgfutil-c
ommon.tex
\pgfutil@everybye=\toks19
\pgfutil@tempdima=\dimen161
\pgfutil@tempdimb=\dimen162
)
(C:\Users\Gio\AppData\Local\Programs\MiKTeX\tex/generic/pgf/utilities\pgfutil-l
atex.def
\pgfutil@abb=\box53
)
(C:\Users\Gio\AppData\Local\Programs\MiKTeX\tex/generic/pgf/utilities\pgfrcs.co
de.tex
(C:\Users\Gio\AppData\Local\Programs\MiKTeX\tex/generic/pgf\pgf.revision.tex)
Package: pgfrcs 2023-01-15 v3.1.10 (3.1.10)
))
Package: pgf 2023-01-15 v3.1.10 (3.1.10)

(C:\Users\Gio\AppData\Local\Programs\MiKTeX\tex/latex/pgf/basiclayer\pgfcore.st
y
(C:\Users\Gio\AppData\Local\Programs\MiKTeX\tex/latex/pgf/systemlayer\pgfsys.st
y
(C:\Users\Gio\AppData\Local\Programs\MiKTeX\tex/generic/pgf/systemlayer\pgfsys.
code.tex
Package: pgfsys 2023-01-15 v3.1.10 (3.1.10)

(C:\Users\Gio\AppData\Local\Programs\MiKTeX\tex/generic/pgf/utilities\pgfkeys.c
ode.tex
\pgfkeys@pathtoks=\toks20
\pgfkeys@temptoks=\toks21

(C:\Users\Gio\AppData\Local\Programs\MiKTeX\tex/generic/pgf/utilities\pgfkeysli
braryfiltered.code.tex
\pgfkeys@tmptoks=\toks22
))
\pgf@x=\dimen163
\pgf@y=\dimen164
\pgf@xa=\dimen165
\pgf@ya=\dimen166
\pgf@xb=\dimen167
\pgf@yb=\dimen168
\pgf@xc=\dimen169
\pgf@yc=\dimen170
\pgf@xd=\dimen171
\pgf@yd=\dimen172
\w@pgf@writea=\write3
\r@pgf@reada=\read2
\c@pgf@counta=\count290
\c@pgf@countb=\count291
\c@pgf@countc=\count292
\c@pgf@countd=\count293
\t@pgf@toka=\toks23
\t@pgf@tokb=\toks24
\t@pgf@tokc=\toks25
\pgf@sys@id@count=\count294

(C:\Users\Gio\AppData\Local\Programs\MiKTeX\tex/generic/pgf/systemlayer\pgf.cfg
File: pgf.cfg 2023-01-15 v3.1.10 (3.1.10)
)
Driver file for pgf: pgfsys-pdftex.def

(C:\Users\Gio\AppData\Local\Programs\MiKTeX\tex/generic/pgf/systemlayer\pgfsys-
pdftex.def
File: pgfsys-pdftex.def 2023-01-15 v3.1.10 (3.1.10)

(C:\Users\Gio\AppData\Local\Programs\MiKTeX\tex/generic/pgf/systemlayer\pgfsys-
common-pdf.def
File: pgfsys-common-pdf.def 2023-01-15 v3.1.10 (3.1.10)
)))
(C:\Users\Gio\AppData\Local\Programs\MiKTeX\tex/generic/pgf/systemlayer\pgfsyss
oftpath.code.tex
File: pgfsyssoftpath.code.tex 2023-01-15 v3.1.10 (3.1.10)
\pgfsyssoftpath@smallbuffer@items=\count295
\pgfsyssoftpath@bigbuffer@items=\count296
)
(C:\Users\Gio\AppData\Local\Programs\MiKTeX\tex/generic/pgf/systemlayer\pgfsysp
rotocol.code.tex
File: pgfsysprotocol.code.tex 2023-01-15 v3.1.10 (3.1.10)
))
(C:\Users\Gio\AppData\Local\Programs\MiKTeX\tex/latex/xcolor\xcolor.sty
Package: xcolor 2023/11/15 v3.01 LaTeX color extensions (UK)

(C:\Users\Gio\AppData\Local\Programs\MiKTeX\tex/latex/graphics-cfg\color.cfg
File: color.cfg 2016/01/02 v1.6 sample color configuration
)
Package xcolor Info: Driver file: pdftex.def on input line 274.

(C:\Users\Gio\AppData\Local\Programs\MiKTeX\tex/latex/graphics\mathcolor.ltx)
Package xcolor Info: Model `cmy' substituted by `cmy0' on input line 1350.
Package xcolor Info: Model `hsb' substituted by `rgb' on input line 1354.
Package xcolor Info: Model `RGB' extended on input line 1366.
Package xcolor Info: Model `HTML' substituted by `rgb' on input line 1368.
Package xcolor Info: Model `Hsb' substituted by `hsb' on input line 1369.
Package xcolor Info: Model `tHsb' substituted by `hsb' on input line 1370.
Package xcolor Info: Model `HSB' substituted by `hsb' on input line 1371.
Package xcolor Info: Model `Gray' substituted by `gray' on input line 1372.
Package xcolor Info: Model `wave' substituted by `hsb' on input line 1373.
)
(C:\Users\Gio\AppData\Local\Programs\MiKTeX\tex/generic/pgf/basiclayer\pgfcore.
code.tex
Package: pgfcore 2023-01-15 v3.1.10 (3.1.10)

(C:\Users\Gio\AppData\Local\Programs\MiKTeX\tex/generic/pgf/math\pgfmath.code.t
ex
(C:\Users\Gio\AppData\Local\Programs\MiKTeX\tex/generic/pgf/math\pgfmathutil.co
de.tex)
(C:\Users\Gio\AppData\Local\Programs\MiKTeX\tex/generic/pgf/math\pgfmathparser.
code.tex
\pgfmath@dimen=\dimen173
\pgfmath@count=\count297
\pgfmath@box=\box54
\pgfmath@toks=\toks26
\pgfmath@stack@operand=\toks27
\pgfmath@stack@operation=\toks28
)
(C:\Users\Gio\AppData\Local\Programs\MiKTeX\tex/generic/pgf/math\pgfmathfunctio
ns.code.tex)
(C:\Users\Gio\AppData\Local\Programs\MiKTeX\tex/generic/pgf/math\pgfmathfunctio
ns.basic.code.tex)
(C:\Users\Gio\AppData\Local\Programs\MiKTeX\tex/generic/pgf/math\pgfmathfunctio
ns.trigonometric.code.tex)
(C:\Users\Gio\AppData\Local\Programs\MiKTeX\tex/generic/pgf/math\pgfmathfunctio
ns.random.code.tex)
(C:\Users\Gio\AppData\Local\Programs\MiKTeX\tex/generic/pgf/math\pgfmathfunctio
ns.comparison.code.tex)
(C:\Users\Gio\AppData\Local\Programs\MiKTeX\tex/generic/pgf/math\pgfmathfunctio
ns.base.code.tex)
(C:\Users\Gio\AppData\Local\Programs\MiKTeX\tex/generic/pgf/math\pgfmathfunctio
ns.round.code.tex)
(C:\Users\Gio\AppData\Local\Programs\MiKTeX\tex/generic/pgf/math\pgfmathfunctio
ns.misc.code.tex)
(C:\Users\Gio\AppData\Local\Programs\MiKTeX\tex/generic/pgf/math\pgfmathfunctio
ns.integerarithmetics.code.tex)
(C:\Users\Gio\AppData\Local\Programs\MiKTeX\tex/generic/pgf/math\pgfmathcalc.co
de.tex)
(C:\Users\Gio\AppData\Local\Programs\MiKTeX\tex/generic/pgf/math\pgfmathfloat.c
ode.tex
\c@pgfmathroundto@lastzeros=\count298
))
(C:\Users\Gio\AppData\Local\Programs\MiKTeX\tex/generic/pgf/math\pgfint.code.te
x)
(C:\Users\Gio\AppData\Local\Programs\MiKTeX\tex/generic/pgf/basiclayer\pgfcorep
oints.code.tex
File: pgfcorepoints.code.tex 2023-01-15 v3.1.10 (3.1.10)
\pgf@picminx=\dimen174
\pgf@picmaxx=\dimen175
\pgf@picminy=\dimen176
\pgf@picmaxy=\dimen177
\pgf@pathminx=\dimen178
\pgf@pathmaxx=\dimen179
\pgf@pathminy=\dimen180
\pgf@pathmaxy=\dimen181
\pgf@xx=\dimen182
\pgf@xy=\dimen183
\pgf@yx=\dimen184
\pgf@yy=\dimen185
\pgf@zx=\dimen186
\pgf@zy=\dimen187
)
(C:\Users\Gio\AppData\Local\Programs\MiKTeX\tex/generic/pgf/basiclayer\pgfcorep
athconstruct.code.tex
File: pgfcorepathconstruct.code.tex 2023-01-15 v3.1.10 (3.1.10)
\pgf@path@lastx=\dimen188
\pgf@path@lasty=\dimen189
)
(C:\Users\Gio\AppData\Local\Programs\MiKTeX\tex/generic/pgf/basiclayer\pgfcorep
athusage.code.tex
File: pgfcorepathusage.code.tex 2023-01-15 v3.1.10 (3.1.10)
\pgf@shorten@end@additional=\dimen190
\pgf@shorten@start@additional=\dimen191
)
(C:\Users\Gio\AppData\Local\Programs\MiKTeX\tex/generic/pgf/basiclayer\pgfcores
copes.code.tex
File: pgfcorescopes.code.tex 2023-01-15 v3.1.10 (3.1.10)
\pgfpic=\box55
\pgf@hbox=\box56
\pgf@layerbox@main=\box57
\pgf@picture@serial@count=\count299
)
(C:\Users\Gio\AppData\Local\Programs\MiKTeX\tex/generic/pgf/basiclayer\pgfcoreg
raphicstate.code.tex
File: pgfcoregraphicstate.code.tex 2023-01-15 v3.1.10 (3.1.10)
\pgflinewidth=\dimen192
)
(C:\Users\Gio\AppData\Local\Programs\MiKTeX\tex/generic/pgf/basiclayer\pgfcoret
ransformations.code.tex
File: pgfcoretransformations.code.tex 2023-01-15 v3.1.10 (3.1.10)
\pgf@pt@x=\dimen193
\pgf@pt@y=\dimen194
\pgf@pt@temp=\dimen195
)
(C:\Users\Gio\AppData\Local\Programs\MiKTeX\tex/generic/pgf/basiclayer\pgfcoreq
uick.code.tex
File: pgfcorequick.code.tex 2023-01-15 v3.1.10 (3.1.10)
)
(C:\Users\Gio\AppData\Local\Programs\MiKTeX\tex/generic/pgf/basiclayer\pgfcoreo
bjects.code.tex
File: pgfcoreobjects.code.tex 2023-01-15 v3.1.10 (3.1.10)
)
(C:\Users\Gio\AppData\Local\Programs\MiKTeX\tex/generic/pgf/basiclayer\pgfcorep
athprocessing.code.tex
File: pgfcorepathprocessing.code.tex 2023-01-15 v3.1.10 (3.1.10)
)
(C:\Users\Gio\AppData\Local\Programs\MiKTeX\tex/generic/pgf/basiclayer\pgfcorea
rrows.code.tex
File: pgfcorearrows.code.tex 2023-01-15 v3.1.10 (3.1.10)
\pgfarrowsep=\dimen196
)
(C:\Users\Gio\AppData\Local\Programs\MiKTeX\tex/generic/pgf/basiclayer\pgfcores
hade.code.tex
File: pgfcoreshade.code.tex 2023-01-15 v3.1.10 (3.1.10)
\pgf@max=\dimen197
\pgf@sys@shading@range@num=\count300
\pgf@shadingcount=\count301
)
(C:\Users\Gio\AppData\Local\Programs\MiKTeX\tex/generic/pgf/basiclayer\pgfcorei
mage.code.tex
File: pgfcoreimage.code.tex 2023-01-15 v3.1.10 (3.1.10)
)
(C:\Users\Gio\AppData\Local\Programs\MiKTeX\tex/generic/pgf/basiclayer\pgfcoree
xternal.code.tex
File: pgfcoreexternal.code.tex 2023-01-15 v3.1.10 (3.1.10)
\pgfexternal@startupbox=\box58
)
(C:\Users\Gio\AppData\Local\Programs\MiKTeX\tex/generic/pgf/basiclayer\pgfcorel
ayers.code.tex
File: pgfcorelayers.code.tex 2023-01-15 v3.1.10 (3.1.10)
)
(C:\Users\Gio\AppData\Local\Programs\MiKTeX\tex/generic/pgf/basiclayer\pgfcoret
ransparency.code.tex
File: pgfcoretransparency.code.tex 2023-01-15 v3.1.10 (3.1.10)
)
(C:\Users\Gio\AppData\Local\Programs\MiKTeX\tex/generic/pgf/basiclayer\pgfcorep
atterns.code.tex
File: pgfcorepatterns.code.tex 2023-01-15 v3.1.10 (3.1.10)
)
(C:\Users\Gio\AppData\Local\Programs\MiKTeX\tex/generic/pgf/basiclayer\pgfcorer
df.code.tex
File: pgfcorerdf.code.tex 2023-01-15 v3.1.10 (3.1.10)
)))
(C:\Users\Gio\AppData\Local\Programs\MiKTeX\tex/generic/pgf/modules\pgfmodulesh
apes.code.tex
File: pgfmoduleshapes.code.tex 2023-01-15 v3.1.10 (3.1.10)
\pgfnodeparttextbox=\box59
)
(C:\Users\Gio\AppData\Local\Programs\MiKTeX\tex/generic/pgf/modules\pgfmodulepl
ot.code.tex
File: pgfmoduleplot.code.tex 2023-01-15 v3.1.10 (3.1.10)
)
(C:\Users\Gio\AppData\Local\Programs\MiKTeX\tex/latex/pgf/compatibility\pgfcomp
-version-0-65.sty
Package: pgfcomp-version-0-65 2023-01-15 v3.1.10 (3.1.10)
\pgf@nodesepstart=\dimen198
\pgf@nodesepend=\dimen199
)
(C:\Users\Gio\AppData\Local\Programs\MiKTeX\tex/latex/pgf/compatibility\pgfcomp
-version-1-18.sty
Package: pgfcomp-version-1-18 2023-01-15 v3.1.10 (3.1.10)
))
(C:\Users\Gio\AppData\Local\Programs\MiKTeX\tex/latex/pgf/utilities\pgffor.sty
(C:\Users\Gio\AppData\Local\Programs\MiKTeX\tex/latex/pgf/utilities\pgfkeys.sty

(C:\Users\Gio\AppData\Local\Programs\MiKTeX\tex/generic/pgf/utilities\pgfkeys.c
ode.tex))
(C:\Users\Gio\AppData\Local\Programs\MiKTeX\tex/latex/pgf/math\pgfmath.sty
(C:\Users\Gio\AppData\Local\Programs\MiKTeX\tex/generic/pgf/math\pgfmath.code.t
ex))
(C:\Users\Gio\AppData\Local\Programs\MiKTeX\tex/generic/pgf/utilities\pgffor.co
de.tex
Package: pgffor 2023-01-15 v3.1.10 (3.1.10)
\pgffor@iter=\dimen256
\pgffor@skip=\dimen257
\pgffor@stack=\toks29
\pgffor@toks=\toks30
))
(C:\Users\Gio\AppData\Local\Programs\MiKTeX\tex/generic/pgf/frontendlayer/tikz\
tikz.code.tex
Package: tikz 2023-01-15 v3.1.10 (3.1.10)

(C:\Users\Gio\AppData\Local\Programs\MiKTeX\tex/generic/pgf/libraries\pgflibrar
yplothandlers.code.tex
File: pgflibraryplothandlers.code.tex 2023-01-15 v3.1.10 (3.1.10)
\pgf@plot@mark@count=\count302
\pgfplotmarksize=\dimen258
)
\tikz@lastx=\dimen259
\tikz@lasty=\dimen260
\tikz@lastxsaved=\dimen261
\tikz@lastysaved=\dimen262
\tikz@lastmovetox=\dimen263
\tikz@lastmovetoy=\dimen264
\tikzleveldistance=\dimen265
\tikzsiblingdistance=\dimen266
\tikz@figbox=\box60
\tikz@figbox@bg=\box61
\tikz@tempbox=\box62
\tikz@tempbox@bg=\box63
\tikztreelevel=\count303
\tikznumberofchildren=\count304
\tikznumberofcurrentchild=\count305
\tikz@fig@count=\count306

(C:\Users\Gio\AppData\Local\Programs\MiKTeX\tex/generic/pgf/modules\pgfmodulema
trix.code.tex
File: pgfmodulematrix.code.tex 2023-01-15 v3.1.10 (3.1.10)
\pgfmatrixcurrentrow=\count307
\pgfmatrixcurrentcolumn=\count308
\pgf@matrix@numberofcolumns=\count309
)
\tikz@expandcount=\count310

(C:\Users\Gio\AppData\Local\Programs\MiKTeX\tex/generic/pgf/frontendlayer/tikz/
libraries\tikzlibrarytopaths.code.tex
File: tikzlibrarytopaths.code.tex 2023-01-15 v3.1.10 (3.1.10)
)))
(C:\Users\Gio\AppData\Local\Programs\MiKTeX\tex/latex/hyperref\hyperref.sty
Package: hyperref 2025-07-12 v7.01o Hypertext links for LaTeX

(C:\Users\Gio\AppData\Local\Programs\MiKTeX\tex/latex/kvsetkeys\kvsetkeys.sty
Package: kvsetkeys 2022-10-05 v1.19 Key value parser (HO)
)
(C:\Users\Gio\AppData\Local\Programs\MiKTeX\tex/generic/kvdefinekeys\kvdefineke
ys.sty
Package: kvdefinekeys 2019-12-19 v1.6 Define keys (HO)
)
(C:\Users\Gio\AppData\Local\Programs\MiKTeX\tex/generic/pdfescape\pdfescape.sty
Package: pdfescape 2019/12/09 v1.15 Implements pdfTeX's escape features (HO)
(C:\Users\Gio\AppData\Local\Programs\MiKTeX\tex/generic/ltxcmds\ltxcmds.sty
Package: ltxcmds 2023-12-04 v1.26 LaTeX kernel commands for general use (HO)
)
(C:\Users\Gio\AppData\Local\Programs\MiKTeX\tex/generic/pdftexcmds\pdftexcmds.s
ty
Package: pdftexcmds 2020-06-27 v0.33 Utility functions of pdfTeX for LuaTeX (HO
)

(C:\Users\Gio\AppData\Local\Programs\MiKTeX\tex/generic/infwarerr\infwarerr.sty
Package: infwarerr 2019/12/03 v1.5 Providing info/warning/error messages (HO)
)
Package pdftexcmds Info: \pdf@primitive is available.
Package pdftexcmds Info: \pdf@ifprimitive is available.
Package pdftexcmds Info: \pdfdraftmode found.
)) (C:\Users\Gio\AppData\Local\Programs\MiKTeX\tex/latex/hycolor\hycolor.sty
Package: hycolor 2020-01-27 v1.10 Color options for hyperref/bookmark (HO)
)
(C:\Users\Gio\AppData\Local\Programs\MiKTeX\tex/latex/hyperref\nameref.sty
Package: nameref 2025-06-21 v2.57 Cross-referencing by name of section

(C:\Users\Gio\AppData\Local\Programs\MiKTeX\tex/latex/refcount\refcount.sty
Package: refcount 2019/12/15 v3.6 Data extraction from label references (HO)
)
(C:\Users\Gio\AppData\Local\Programs\MiKTeX\tex/generic/gettitlestring\gettitle
string.sty
Package: gettitlestring 2019/12/15 v1.6 Cleanup title references (HO)

(C:\Users\Gio\AppData\Local\Programs\MiKTeX\tex/latex/kvoptions\kvoptions.sty
Package: kvoptions 2022-06-15 v3.15 Key value format for package options (HO)
))
\c@section@level=\count311
)
(C:\Users\Gio\AppData\Local\Programs\MiKTeX\tex/generic/stringenc\stringenc.sty
Package: stringenc 2019/11/29 v1.12 Convert strings between diff. encodings (HO
)
)
\@linkdim=\dimen267
\Hy@linkcounter=\count312
\Hy@pagecounter=\count313
 (C:\Users\Gio\AppData\Local\Programs\MiKTeX\tex/latex/hyperref\pd1enc.def
File: pd1enc.def 2025-07-12 v7.01o Hyperref: PDFDocEncoding definition (HO)
Now handling font encoding PD1 ...
... no UTF-8 mapping file for font encoding PD1
)
(C:\Users\Gio\AppData\Local\Programs\MiKTeX\tex/generic/intcalc\intcalc.sty
Package: intcalc 2019/12/15 v1.3 Expandable calculations with integers (HO)
)
\Hy@SavedSpaceFactor=\count314

(C:\Users\Gio\AppData\Local\Programs\MiKTeX\tex/latex/hyperref\puenc.def
File: puenc.def 2025-07-12 v7.01o Hyperref: PDF Unicode definition (HO)
Now handling font encoding PU ...
... no UTF-8 mapping file for font encoding PU
)
Package hyperref Info: Hyper figures OFF on input line 4195.
Package hyperref Info: Link nesting OFF on input line 4200.
Package hyperref Info: Hyper index ON on input line 4203.
Package hyperref Info: Plain pages OFF on input line 4210.
Package hyperref Info: Backreferencing OFF on input line 4215.
Package hyperref Info: Implicit mode ON; LaTeX internals redefined.
Package hyperref Info: Bookmarks ON on input line 4462.
\c@Hy@tempcnt=\count315

(C:\Users\Gio\AppData\Local\Programs\MiKTeX\tex/latex/url\url.sty
\Urlmuskip=\muskip17
Package: url 2013/09/16  ver 3.4  Verb mode for urls, etc.
)
LaTeX Info: Redefining \url on input line 4801.
\XeTeXLinkMargin=\dimen268

(C:\Users\Gio\AppData\Local\Programs\MiKTeX\tex/generic/bitset\bitset.sty
Package: bitset 2019/12/09 v1.3 Handle bit-vector datatype (HO)

(C:\Users\Gio\AppData\Local\Programs\MiKTeX\tex/generic/bigintcalc\bigintcalc.s
ty
Package: bigintcalc 2019/12/15 v1.5 Expandable calculations on big integers (HO
)
))
\Fld@menulength=\count316
\Field@Width=\dimen269
\Fld@charsize=\dimen270
Package hyperref Info: Hyper figures OFF on input line 6078.
Package hyperref Info: Link nesting OFF on input line 6083.
Package hyperref Info: Hyper index ON on input line 6086.
Package hyperref Info: backreferencing OFF on input line 6093.
Package hyperref Info: Link coloring OFF on input line 6098.
Package hyperref Info: Link coloring with OCG OFF on input line 6103.
Package hyperref Info: PDF/A mode OFF on input line 6108.
\Hy@abspage=\count317
\c@Item=\count318
\c@Hfootnote=\count319
)
Package hyperref Info: Driver (autodetected): hpdftex.

(C:\Users\Gio\AppData\Local\Programs\MiKTeX\tex/latex/hyperref\hpdftex.def
File: hpdftex.def 2025-07-12 v7.01o Hyperref driver for pdfTeX
\Fld@listcount=\count320
\c@bookmark@seq@number=\count321

(C:\Users\Gio\AppData\Local\Programs\MiKTeX\tex/latex/rerunfilecheck\rerunfilec
heck.sty
Package: rerunfilecheck 2025-06-21 v1.11 Rerun checks for auxiliary files (HO)

(C:\Users\Gio\AppData\Local\Programs\MiKTeX\tex/generic/uniquecounter\uniquecou
nter.sty
Package: uniquecounter 2019/12/15 v1.4 Provide unlimited unique counter (HO)
)
Package uniquecounter Info: New unique counter `rerunfilecheck' on input line 2
84.
)
\Hy@SectionHShift=\skip61
)
(C:\Users\Gio\AppData\Local\Programs\MiKTeX\tex/generic/pgf/frontendlayer/tikz/
libraries\tikzlibrarysvg.path.code.tex
File: tikzlibrarysvg.path.code.tex 2023-01-15 v3.1.10 (3.1.10)

(C:\Users\Gio\AppData\Local\Programs\MiKTeX\tex/generic/pgf/libraries\pgflibrar
ysvg.path.code.tex
File: pgflibrarysvg.path.code.tex 2023-01-15 v3.1.10 (3.1.10)

(C:\Users\Gio\AppData\Local\Programs\MiKTeX\tex/generic/pgf/modules\pgfmodulepa
rser.code.tex
File: pgfmoduleparser.code.tex 2023-01-15 v3.1.10 (3.1.10)
\pgfparserdef@arg@count=\count322
)
\pgf@lib@svg@last@x=\dimen271
\pgf@lib@svg@last@y=\dimen272
\pgf@lib@svg@last@c@x=\dimen273
\pgf@lib@svg@last@c@y=\dimen274
\pgf@lib@svg@count=\count323
\pgf@lib@svg@max@num=\count324
))
(C:\Users\Gio\AppData\Local\Programs\MiKTeX\tex/latex/booktabs\booktabs.sty
Package: booktabs 2020/01/12 v1.61803398 Publication quality tables
\heavyrulewidth=\dimen275
\lightrulewidth=\dimen276
\cmidrulewidth=\dimen277
\belowrulesep=\dimen278
\belowbottomsep=\dimen279
\aboverulesep=\dimen280
\abovetopsep=\dimen281
\cmidrulesep=\dimen282
\cmidrulekern=\dimen283
\defaultaddspace=\dimen284
\@cmidla=\count325
\@cmidlb=\count326
\@aboverulesep=\dimen285
\@belowrulesep=\dimen286
\@thisruleclass=\count327
\@lastruleclass=\count328
\@thisrulewidth=\dimen287
)
(C:\Users\Gio\AppData\Local\Programs\MiKTeX\tex/latex/threeparttable\threepartt
able.sty
Package: threeparttable 2003/06/13  v 3.0
\@tempboxb=\box64
)
\b@level@one@skip=\skip62
\e@level@one@skip=\skip63
\b@level@two@skip=\skip64
\e@level@two@skip=\skip65
\b@level@three@skip=\skip66
\e@level@three@skip=\skip67
\b@level@four@skip=\skip68
\e@level@four@skip=\skip69
\b@level@five@skip=\skip70
\e@level@five@skip=\skip71

(C:\Users\Gio\AppData\Local\Programs\MiKTeX\tex/latex/caption\caption.sty
Package: caption 2023/08/05 v3.6o Customizing captions (AR)

(C:\Users\Gio\AppData\Local\Programs\MiKTeX\tex/latex/caption\caption3.sty
Package: caption3 2023/07/31 v2.4d caption3 kernel (AR)
\caption@tempdima=\dimen288
\captionmargin=\dimen289
\caption@leftmargin=\dimen290
\caption@rightmargin=\dimen291
\caption@width=\dimen292
\caption@indent=\dimen293
\caption@parindent=\dimen294
\caption@hangindent=\dimen295
Package caption Info: Standard document class detected.
)
\c@caption@flags=\count329
\c@continuedfloat=\count330
Package caption Info: hyperref package is loaded.
Package caption Info: threeparttable package is loaded.
)
\c@APAenum=\count331
\@text@par@indent=\skip72
\gr@box=\box65
\gr@boxwidth=\skip73
\gr@boxheight=\skip74

(C:\Users\Gio\AppData\Local\Programs\MiKTeX\tex/latex/tools\bm.sty
Package: bm 2023/12/19 v1.2f Bold Symbol Support (DPC/FMi)
\symboldoperators=\mathgroup4
\symboldletters=\mathgroup5
\symboldsymbols=\mathgroup6
Package bm Info: No bold for \OMX/lmex/m/n, using \pmb.
LaTeX Font Info:    Redeclaring math alphabet \mathbf on input line 149.
)
\c@appendix=\count332

(C:\Users\Gio\AppData\Local\Programs\MiKTeX\tex/latex/fancyhdr\fancyhdr.sty
Package: fancyhdr 2025/02/07 v5.2 Extensive control of page headers and footers

\f@nch@headwidth=\skip75
\f@nch@offset@elh=\skip76
\f@nch@offset@erh=\skip77
\f@nch@offset@olh=\skip78
\f@nch@offset@orh=\skip79
\f@nch@offset@elf=\skip80
\f@nch@offset@erf=\skip81
\f@nch@offset@olf=\skip82
\f@nch@offset@orf=\skip83
\f@nch@height=\skip84
\f@nch@footalignment=\skip85
\f@nch@widthL=\skip86
\f@nch@widthC=\skip87
\f@nch@widthR=\skip88
\@temptokenb=\toks31
)
(C:\Users\Gio\AppData\Local\Programs\MiKTeX\tex/latex/endfloat\endfloat.sty
Package: endfloat 2019/04/15 v2.7 LaTeX2e package puts figures and tables at en
d (jdm)
\c@posttable=\count333
\efloat@postttt=\write4
\@ef@tttopen=\count334
\c@postfigure=\count335
\efloat@postfff=\write5
\@ef@fffopen=\count336
)
(C:\Users\Gio\AppData\Local\Programs\MiKTeX\tex/latex/float\float.sty
Package: float 2001/11/08 v1.3d Float enhancements (AL)
\c@float@type=\count337
\float@exts=\toks32
\float@box=\box66
\@float@everytoks=\toks33
\@floatcapt=\box67
))
(C:\Users\Gio\AppData\Local\Programs\MiKTeX\tex/generic/babel\babel.sty
Package: babel 2025/08/03 v25.12 The multilingual framework for LuaLaTeX, pdfLa
TeX and XeLaTeX
\babel@savecnt=\count338
LaTeX Encoding Info:    Redeclaring text command \ij (encoding OT1) on input li
ne 2045.
LaTeX Encoding Info:    Redeclaring text command \IJ (encoding OT1) on input li
ne 2047.
LaTeX Encoding Info:    Redeclaring text command \ij (encoding T1) on input lin
e 2049.
LaTeX Encoding Info:    Redeclaring text command \IJ (encoding T1) on input lin
e 2050.
LaTeX Encoding Info:    Ignoring declaration for text command \ij (encoding ?) 
on input line 2051.
LaTeX Encoding Info:    Ignoring declaration for text command \IJ (encoding ?) 
on input line 2053.
LaTeX Encoding Info:    Ignoring declaration for text command \SS (encoding ?) 
on input line 2078.
\U@D=\dimen296
\l@unhyphenated=\language79

(C:\Users\Gio\AppData\Local\Programs\MiKTeX\tex/generic/babel\txtbabel.def)
\bbl@readstream=\read3
\bbl@dirlevel=\count339

*************************************
* Local config file bblopts.cfg used
*
(C:\Users\Gio\AppData\Local\Programs\MiKTeX\tex/latex/arabi\bblopts.cfg
File: bblopts.cfg 2005/09/08 v0.1 add Arabic and Farsi to "declared" options of
 babel
)
(C:\Users\Gio\AppData\Local\Programs\MiKTeX\tex/latex/babel-spanish\spanish.ldf
Language: spanish.ldf 2021/05/27 v5.0q Spanish support from the babel system

(C:\Users\Gio\AppData\Local\Programs\MiKTeX\tex/generic/babel/locale/es\babel-s
panish.tex
Package babel Info: Importing font and identification data for spanish
(babel)             from babel-es.ini. Reported on input line 12.
)
\es@quottoks=\toks34
\es@quotdepth=\count340
Package babel Info: Making " an active character on input line 570.
Package babel Info: Making . an active character on input line 675.
Package babel Info: Making < an active character on input line 722.
Package babel Info: Making > an active character on input line 722.
))
LaTeX Encoding Info:    Redeclaring text command \guillemotleft (encoding OT1) 
on input line 6.
LaTeX Encoding Info:    Redeclaring text command \guillemotright (encoding OT1)
 on input line 6.

(C:\Users\Gio\AppData\Local\Programs\MiKTeX\tex/latex/base\inputenc.sty
Package: inputenc 2024/02/08 v1.3d Input encoding file
\inpenc@prehook=\toks35
\inpenc@posthook=\toks36
)
(C:\Users\Gio\AppData\Local\Programs\MiKTeX\tex/latex/base\fontenc.sty
Package: fontenc 2024/12/21 v2.1c Standard LaTeX package
)
(C:\Users\Gio\AppData\Local\Programs\MiKTeX\tex/latex/placeins\placeins.sty
Package: placeins 2005/04/18  v 2.2
)
(C:\Users\Gio\AppData\Local\Programs\MiKTeX\tex/latex/biblatex\biblatex.sty
Package: biblatex 2025/07/10 v3.21 programmable bibliographies (PK/MW)

(C:\Users\Gio\AppData\Local\Programs\MiKTeX\tex/latex/logreq\logreq.sty
Package: logreq 2010/08/04 v1.0 xml request logger
\lrq@indent=\count341

(C:\Users\Gio\AppData\Local\Programs\MiKTeX\tex/latex/logreq\logreq.def
File: logreq.def 2010/08/04 v1.0 logreq spec v1.0
))
(C:\Users\Gio\AppData\Local\Programs\MiKTeX\tex/latex/base\ifthen.sty
Package: ifthen 2024/03/16 v1.1e Standard LaTeX ifthen package (DPC)
)
\c@tabx@nest=\count342
\c@listtotal=\count343
\c@listcount=\count344
\c@liststart=\count345
\c@liststop=\count346
\c@citecount=\count347
\c@citetotal=\count348
\c@multicitecount=\count349
\c@multicitetotal=\count350
\c@instcount=\count351
\c@maxnames=\count352
\c@minnames=\count353
\c@maxitems=\count354
\c@minitems=\count355
\c@citecounter=\count356
\c@maxcitecounter=\count357
\c@savedcitecounter=\count358
\c@uniquelist=\count359
\c@uniquename=\count360
\c@refsection=\count361
\c@refsegment=\count362
\c@maxextratitle=\count363
\c@maxextratitleyear=\count364
\c@maxextraname=\count365
\c@maxextradate=\count366
\c@maxextraalpha=\count367
\c@abbrvpenalty=\count368
\c@highnamepenalty=\count369
\c@lownamepenalty=\count370
\c@maxparens=\count371
\c@parenlevel=\count372
\blx@tempcnta=\count373
\blx@tempcntb=\count374
\blx@tempcntc=\count375
\c@blx@maxsection=\count376
\blx@maxsegment@0=\count377
\blx@notetype=\count378
\blx@parenlevel@text=\count379
\blx@parenlevel@foot=\count380
\blx@sectionciteorder@0=\count381
\blx@sectionciteorderinternal@0=\count382
\blx@entrysetcounter=\count383
\blx@biblioinstance=\count384
\labelnumberwidth=\skip89
\labelalphawidth=\skip90
\biblabelsep=\skip91
\bibitemsep=\skip92
\bibnamesep=\skip93
\bibinitsep=\skip94
\bibparsep=\skip95
\bibhang=\skip96
\blx@bcfin=\read4
\blx@bcfout=\write6
\blx@langwohyphens=\language80
\c@mincomprange=\count385
\c@maxcomprange=\count386
\c@mincompwidth=\count387
Package biblatex Info: Trying to load biblatex default data model...
Package biblatex Info: ... file 'blx-dm.def' found.

(C:\Users\Gio\AppData\Local\Programs\MiKTeX\tex/latex/biblatex\blx-dm.def
File: blx-dm.def 2025/07/10 v3.21 biblatex datamodel (PK/MW)
)
Package biblatex Info: Trying to load biblatex style data model...
Package biblatex Info: ... file 'apa.dbx' found.

(C:\Users\Gio\AppData\Local\Programs\MiKTeX\tex/latex/biblatex-apa\apa.dbx
File: apa.dbx 2025/08/27 v9.20 APA biblatex style data model
)
Package biblatex Info: Trying to load biblatex custom data model...
Package biblatex Info: ... file 'biblatex-dm.cfg' not found.
\c@afterword=\count388
\c@savedafterword=\count389
\c@annotator=\count390
\c@savedannotator=\count391
\c@author=\count392
\c@savedauthor=\count393
\c@bookauthor=\count394
\c@savedbookauthor=\count395
\c@commentator=\count396
\c@savedcommentator=\count397
\c@editor=\count398
\c@savededitor=\count399
\c@editora=\count400
\c@savededitora=\count401
\c@editorb=\count402
\c@savededitorb=\count403
\c@editorc=\count404
\c@savededitorc=\count405
\c@foreword=\count406
\c@savedforeword=\count407
\c@holder=\count408
\c@savedholder=\count409
\c@introduction=\count410
\c@savedintroduction=\count411
\c@namea=\count412
\c@savednamea=\count413
\c@nameb=\count414
\c@savednameb=\count415
\c@namec=\count416
\c@savednamec=\count417
\c@translator=\count418
\c@savedtranslator=\count419
\c@shortauthor=\count420
\c@savedshortauthor=\count421
\c@shorteditor=\count422
\c@savedshorteditor=\count423
\c@narrator=\count424
\c@savednarrator=\count425
\c@execproducer=\count426
\c@savedexecproducer=\count427
\c@execdirector=\count428
\c@savedexecdirector=\count429
\c@with=\count430
\c@savedwith=\count431
\c@labelname=\count432
\c@savedlabelname=\count433
\c@institution=\count434
\c@savedinstitution=\count435
\c@lista=\count436
\c@savedlista=\count437
\c@listb=\count438
\c@savedlistb=\count439
\c@listc=\count440
\c@savedlistc=\count441
\c@listd=\count442
\c@savedlistd=\count443
\c@liste=\count444
\c@savedliste=\count445
\c@listf=\count446
\c@savedlistf=\count447
\c@location=\count448
\c@savedlocation=\count449
\c@organization=\count450
\c@savedorganization=\count451
\c@origlocation=\count452
\c@savedoriglocation=\count453
\c@origpublisher=\count454
\c@savedorigpublisher=\count455
\c@publisher=\count456
\c@savedpublisher=\count457
\c@language=\count458
\c@savedlanguage=\count459
\c@origlanguage=\count460
\c@savedoriglanguage=\count461
\c@citation=\count462
\c@savedcitation=\count463
\c@pageref=\count464
\c@savedpageref=\count465
\shorthandwidth=\skip97
\shortjournalwidth=\skip98
\shortserieswidth=\skip99
\shorttitlewidth=\skip100
\shortauthorwidth=\skip101
\shorteditorwidth=\skip102
\locallabelnumberwidth=\skip103
\locallabelalphawidth=\skip104
\localshorthandwidth=\skip105
\localshortjournalwidth=\skip106
\localshortserieswidth=\skip107
\localshorttitlewidth=\skip108
\localshortauthorwidth=\skip109
\localshorteditorwidth=\skip110
Package biblatex Info: Trying to load compatibility code...
Package biblatex Info: ... file 'blx-compat.def' found.

(C:\Users\Gio\AppData\Local\Programs\MiKTeX\tex/latex/biblatex\blx-compat.def
File: blx-compat.def 2025/07/10 v3.21 biblatex compatibility (PK/MW)
)
Package biblatex Info: Trying to load generic definitions...
Package biblatex Info: ... file 'biblatex.def' found.

(C:\Users\Gio\AppData\Local\Programs\MiKTeX\tex/latex/biblatex\biblatex.def
File: biblatex.def 2025/07/10 v3.21 biblatex compatibility (PK/MW)
\c@textcitecount=\count466
\c@textcitetotal=\count467
\c@textcitemaxnames=\count468
\c@biburlbigbreakpenalty=\count469
\c@biburlbreakpenalty=\count470
\c@biburlnumpenalty=\count471
\c@biburlucpenalty=\count472
\c@biburllcpenalty=\count473
\biburlbigskip=\muskip18
\biburlnumskip=\muskip19
\biburlucskip=\muskip20
\biburllcskip=\muskip21
\c@smartand=\count474
)
Package biblatex Info: Trying to load bibliography style 'apa'...
Package biblatex Info: ... file 'apa.bbx' found.

(C:\Users\Gio\AppData\Local\Programs\MiKTeX\tex/latex/biblatex-apa\apa.bbx
File: apa.bbx 2025/08/27 v9.20 APA biblatex references style
Package biblatex Info: Trying to load bibliography style 'standard'...
Package biblatex Info: ... file 'standard.bbx' found.

(C:\Users\Gio\AppData\Local\Programs\MiKTeX\tex/latex/biblatex/bbx\standard.bbx
File: standard.bbx 2025/07/10 v3.21 biblatex bibliography style (PK/MW)
\c@bbx:relatedcount=\count475
\c@bbx:relatedtotal=\count476
)
Package biblatex Info: Delimiter 'nameyeardelim' in context 'bib' already defin
ed, overwriting.
Package biblatex Info: Delimiter 'nameyeardelim' in context 'biblist' already d
efined, overwriting.
Package biblatex Info: Delimiter 'nonameyeardelim' in context 'bib' already def
ined, overwriting.
Package biblatex Info: Delimiter 'nonameyeardelim' in context 'biblist' already
 defined, overwriting.
)
Package biblatex Info: Trying to load citation style 'apa'...
Package biblatex Info: ... file 'apa.cbx' found.
 (C:\Users\Gio\AppData\Local\Programs\MiKTeX\tex/latex/biblatex-apa\apa.cbx
File: apa.cbx 2025/08/27 v9.20 APA biblatex citation style
Package biblatex Info: Delimiter 'nameyeardelim' in context '' already defined,
 overwriting.
Package biblatex Info: Delimiter 'andothersdelim' in context '' already defined
, overwriting.
Package biblatex Info: Redefining '\fullcite'.
Package biblatex Info: Redefining '\citeauthor'.
Package biblatex Info: Redefining '\citeyear'.
Package biblatex Info: Redefining '\cite'.
Package biblatex Info: Redefining '\cites'.
Package biblatex Info: Redefining '\parencite'.
Package biblatex Info: Redefining '\parencites'.
Package biblatex Info: Redefining '\footcite'.
Package biblatex Info: Redefining '\footcites'.
Package biblatex Info: Redefining '\footcitetext'.
Package biblatex Info: Redefining '\footcitetexts'.
Package biblatex Info: Redefining '\smartcite'.
Package biblatex Info: Redefining '\smartcites'.
Package biblatex Info: Redefining '\textcite'.
Package biblatex Info: Redefining '\textcites'.
)
Package biblatex Info: Trying to load configuration file...
Package biblatex Info: ... file 'biblatex.cfg' found.

(C:\Users\Gio\AppData\Local\Programs\MiKTeX\tex/latex/biblatex\biblatex.cfg
File: biblatex.cfg 
)
Package biblatex Info: Input encoding 'utf8' detected.
Package biblatex Info: Document encoding is UTF8 ....

(C:\Users\Gio\AppData\Local\Programs\MiKTeX\tex/latex/l3kernel\expl3.sty
Package: expl3 2025-08-13 L3 programming layer (loader) 

(C:\Users\Gio\AppData\Local\Programs\MiKTeX\tex/latex/l3backend\l3backend-pdfte
x.def
File: l3backend-pdftex.def 2025-06-09 L3 backend support: PDF output (pdfTeX)
\l__color_backend_stack_int=\count477
))
Package biblatex Info: ... and expl3
(biblatex)             2025-08-13 L3 programming layer (loader) 
(biblatex)             is new enough (at least 2020/04/06),
(biblatex)             setting 'casechanger=expl3'.

(C:\Users\Gio\AppData\Local\Programs\MiKTeX\tex/latex/biblatex\blx-case-expl3.s
ty
(C:\Users\Gio\AppData\Local\Programs\MiKTeX\tex/latex/l3packages/xparse\xparse.
sty
Package: xparse 2024-08-16 L3 Experimental document command parser
)
Package: blx-case-expl3 2025/07/10 v3.21 expl3 case changing code for biblatex
))
(C:\Users\Gio\AppData\Local\Programs\MiKTeX\tex/latex/csquotes\csquotes.sty
Package: csquotes 2024-04-04 v5.2o context-sensitive quotations (JAW)
\csq@reset=\count478
\csq@gtype=\count479
\csq@glevel=\count480
\csq@qlevel=\count481
\csq@maxlvl=\count482
\csq@tshold=\count483
\csq@ltx@everypar=\toks37

(C:\Users\Gio\AppData\Local\Programs\MiKTeX\tex/latex/csquotes\csquotes.def
File: csquotes.def 2024-04-04 v5.2o csquotes generic definitions (JAW)
)
Package csquotes Info: Trying to load configuration file 'csquotes.cfg'...
Package csquotes Info: ... configuration file loaded successfully.

(C:\Users\Gio\AppData\Local\Programs\MiKTeX\tex/latex/csquotes\csquotes.cfg
File: csquotes.cfg 
))
(C:\Users\Gio\AppData\Local\Programs\MiKTeX\tex/latex/tools\array.sty
Package: array 2025/06/08 v2.6j Tabular extension package (FMi)
\col@sep=\dimen297
\ar@mcellbox=\box68
\extrarowheight=\dimen298
\NC@list=\toks38
\extratabsurround=\skip111
\backup@length=\skip112
\ar@cellbox=\box69
)
(C:\Users\Gio\AppData\Local\Programs\MiKTeX\tex/latex/fancyvrb\fancyvrb.sty
Package: fancyvrb 2025/07/28 4.6 verbatim text (tvz,hv)
\FV@CodeLineNo=\count484
\FV@InFile=\read5
\FV@TabBox=\box70
\c@FancyVerbLine=\count485
\FV@StepNumber=\count486
\FV@OutFile=\write7
)
(C:\Users\Gio\AppData\Local\Programs\MiKTeX\tex/latex/tools\verbatim.sty
Package: verbatim 2024-01-22 v1.5x LaTeX2e package for verbatim enhancements
\every@verbatim=\toks39
\verbatim@line=\toks40
\verbatim@in@stream=\read6
)
(C:\Users\Gio\AppData\Local\Programs\MiKTeX\tex/latex/xurl\xurl.sty
Package: xurl 2022/01/09 v 0.10 modify URL breaks

xurl: Set penalties for biblatex
) (C:\Users\Gio\AppData\Local\Programs\MiKTeX\tex/latex/ragged2e\ragged2e.sty
Package: ragged2e 2023/06/22 v3.6 ragged2e Package
\CenteringLeftskip=\skip113
\RaggedLeftLeftskip=\skip114
\RaggedRightLeftskip=\skip115
\CenteringRightskip=\skip116
\RaggedLeftRightskip=\skip117
\RaggedRightRightskip=\skip118
\CenteringParfillskip=\skip119
\RaggedLeftParfillskip=\skip120
\RaggedRightParfillskip=\skip121
\JustifyingParfillskip=\skip122
\CenteringParindent=\skip123
\RaggedLeftParindent=\skip124
\RaggedRightParindent=\skip125
\JustifyingParindent=\skip126
)
\c@NumberOfAuthors=\count487
\c@NumberOfSuperscripts=\count488


Class apa7 Warning: Deprecated: see documentation for \authorsaffiliations on i
nput line 30.

\c@NumberOfAffiliations=\count489
Package hyperref Info: Option `colorlinks' set `true' on input line 38.
Package csquotes Info: Checking for multilingual support...
Package csquotes Info: ... found 'babel' package.
Package csquotes Info: Adjusting default style.
Package csquotes Info: Redefining alias 'default' -> 'spanish'.
No file main.aux.
\openout1 = `main.aux'.

LaTeX Font Info:    Checking defaults for OML/cmm/m/it on input line 40.
LaTeX Font Info:    ... okay on input line 40.
LaTeX Font Info:    Checking defaults for OMS/cmsy/m/n on input line 40.
LaTeX Font Info:    ... okay on input line 40.
LaTeX Font Info:    Checking defaults for OT1/cmr/m/n on input line 40.
LaTeX Font Info:    ... okay on input line 40.
LaTeX Font Info:    Checking defaults for T1/cmr/m/n on input line 40.
LaTeX Font Info:    ... okay on input line 40.
LaTeX Font Info:    Checking defaults for TS1/cmr/m/n on input line 40.
LaTeX Font Info:    ... okay on input line 40.
LaTeX Font Info:    Checking defaults for OMX/cmex/m/n on input line 40.
LaTeX Font Info:    ... okay on input line 40.
LaTeX Font Info:    Checking defaults for U/cmr/m/n on input line 40.
LaTeX Font Info:    ... okay on input line 40.
LaTeX Font Info:    Checking defaults for PD1/pdf/m/n on input line 40.
LaTeX Font Info:    ... okay on input line 40.
LaTeX Font Info:    Checking defaults for PU/pdf/m/n on input line 40.
LaTeX Font Info:    ... okay on input line 40.
*geometry* driver: auto-detecting
*geometry* detected driver: pdftex
*geometry* verbose mode - [ preamble ] result:
* driver: pdftex
* paper: <default>
* layout: <same size as paper>
* layoutoffset:(h,v)=(0.0pt,0.0pt)
* modes: twoside 
* h-part:(L,W,R)=(72.26999pt, 469.75502pt, 72.26999pt)
* v-part:(T,H,B)=(72.26999pt, 650.43001pt, 72.26999pt)
* \paperwidth=614.295pt
* \paperheight=794.96999pt
* \textwidth=469.75502pt
* \textheight=650.43001pt
* \oddsidemargin=0.0pt
* \evensidemargin=0.0pt
* \topmargin=-37.0pt
* \headheight=15.2pt
* \headsep=25.0pt
* \topskip=12.0pt
* \footskip=30.0pt
* \marginparwidth=95.0pt
* \marginparsep=10.0pt
* \columnsep=10.0pt
* \skip\footins=10.8pt plus 4.0pt minus 2.0pt
* \hoffset=0.0pt
* \voffset=0.0pt
* \mag=1000
* \@twocolumnfalse
* \@twosidetrue
* \@mparswitchtrue
* \@reversemarginfalse
* (1in=72.27pt=25.4mm, 1cm=28.453pt)


(C:\Users\Gio\AppData\Local\Programs\MiKTeX\tex/context/base/mkii\supp-pdf.mkii
[Loading MPS to PDF converter (version 2006.09.02).]
\scratchcounter=\count490
\scratchdimen=\dimen299
\scratchbox=\box71
\nofMPsegments=\count491
\nofMParguments=\count492
\everyMPshowfont=\toks41
\MPscratchCnt=\count493
\MPscratchDim=\dimen300
\MPnumerator=\count494
\makeMPintoPDFobject=\count495
\everyMPtoPDFconversion=\toks42
)
(C:\Users\Gio\AppData\Local\Programs\MiKTeX\tex/latex/epstopdf-pkg\epstopdf-bas
e.sty
Package: epstopdf-base 2020-01-24 v2.11 Base part for package epstopdf
Package epstopdf-base Info: Redefining graphics rule for `.eps' on input line 4
85.

(C:\Users\Gio\AppData\Local\Programs\MiKTeX\tex/latex/00miktex\epstopdf-sys.cfg
File: epstopdf-sys.cfg 2021/03/18 v2.0 Configuration of epstopdf for MiKTeX
))
Package hyperref Info: Link coloring ON on input line 40.
\@outlinefile=\write8
\openout8 = `main.out'.


(C:\Users\Gio\AppData\Local\Programs\MiKTeX\tex/latex/apa7/config\APA7spanish.t
xt
File: APA7spanish.txt 2021/08/08 v1.00 apa7 configuration for Spanish
)
Package caption Info: Begin \AtBeginDocument code.
Package caption Info: float package is loaded.
Package caption Info: End \AtBeginDocument code.
LaTeX Info: Redefining \. on input line 40.
LaTeX Info: Redefining \% on input line 40.
Package babel Info: 'spanish' activates 'spanish' shorthands.
(babel)             Reported on input line 40.
Package biblatex Info: Trying to load language 'spanish' -> 'spanish-apa'...
Package biblatex Info: ... file 'spanish-apa.lbx' found.

(C:\Users\Gio\AppData\Local\Programs\MiKTeX\tex/latex/biblatex-apa\spanish-apa.
lbx
File: spanish-apa.lbx 2025/08/27 v9.20 APA biblatex localisation
Package biblatex Info: Trying to load language 'spanish'...
Package biblatex Info: ... file 'spanish.lbx' found.

(C:\Users\Gio\AppData\Local\Programs\MiKTeX\tex/latex/biblatex/lbx\spanish.lbx
File: spanish.lbx 2025/07/10 v3.21 biblatex localization (PK/MW)
)
Package biblatex Info: Trying to load language 'spanish'...
Package biblatex Info: ... file 'spanish.lbx' found.
(C:\Users\Gio\AppData\Local\Programs\MiKTeX\tex/latex/biblatex/lbx\spanish.lbx
File: spanish.lbx 2025/07/10 v3.21 biblatex localization (PK/MW)
))
Package biblatex Info: Input encoding 'utf8' detected.
Package biblatex Info: Automatic encoding selection.
(biblatex)             Assuming data encoding 'utf8'.
\openout6 = `main.bcf'.

Package biblatex Info: Trying to load bibliographic data...
Package biblatex Info: ... file 'main.bbl' found.
 (main.bbl)
Package biblatex Info: Reference section=0 on input line 40.
Package biblatex Info: Reference segment=0 on input line 40.
<./IMG/UES.jpg, id=6, 250.9375pt x 313.17pt>
File: ./IMG/UES.jpg Graphic file (type jpg)
<use ./IMG/UES.jpg>
Package pdftex.def Info: ./IMG/UES.jpg  used on input line 55.
(pdftex.def)             Requested size: 140.92793pt x 175.8853pt.
LaTeX Font Info:    Trying to load font information for OT1+lmr on input line 7
3.
 (C:\Users\Gio\AppData\Local\Programs\MiKTeX\tex/latex/lm\ot1lmr.fd
File: ot1lmr.fd 2015/05/01 v1.6.1 Font defs for Latin Modern
)
LaTeX Font Info:    Trying to load font information for OML+lmm on input line 7
3.
 (C:\Users\Gio\AppData\Local\Programs\MiKTeX\tex/latex/lm\omllmm.fd
File: omllmm.fd 2015/05/01 v1.6.1 Font defs for Latin Modern
)
LaTeX Font Info:    Trying to load font information for OMS+lmsy on input line 
73.

(C:\Users\Gio\AppData\Local\Programs\MiKTeX\tex/latex/lm\omslmsy.fd
File: omslmsy.fd 2015/05/01 v1.6.1 Font defs for Latin Modern
)
LaTeX Font Info:    Trying to load font information for OMX+lmex on input line 
73.

(C:\Users\Gio\AppData\Local\Programs\MiKTeX\tex/latex/lm\omxlmex.fd
File: omxlmex.fd 2015/05/01 v1.6.1 Font defs for Latin Modern
)
LaTeX Font Info:    External font `lmex10' loaded for size
(Font)              <12> on input line 73.
LaTeX Font Info:    External font `lmex10' loaded for size
(Font)              <8> on input line 73.
LaTeX Font Info:    External font `lmex10' loaded for size
(Font)              <6> on input line 73.


[1

{C:/Users/Gio/AppData/Local/MiKTeX/fonts/map/pdftex/pdftex.map}{C:/Users/Gio/Ap
pData/Local/Programs/MiKTeX/fonts/enc/dvips/lm/lm-ec.enc} <./IMG/UES.jpg>]
No file main.toc.
\tf@toc=\write9
\openout9 = `main.toc'.



[2]
<./IMG/selenium.png, id=21, 1204.5pt x 624.3325pt>
File: ./IMG/selenium.png Graphic file (type png)
<use ./IMG/selenium.png>
Package pdftex.def Info: ./IMG/selenium.png  used on input line 111.
(pdftex.def)             Requested size: 140.92793pt x 73.03993pt.


LaTeX Warning: `!h' float specifier changed to `!ht'.


LaTeX Warning: `!h' float specifier changed to `!ht'.



[3 <./IMG/selenium.png>]
Underfull \vbox (badness 2818) has occurred while \output is active []



[4]
Underfull \hbox (badness 10000) in paragraph at lines 177--177
[]|\T1/lmr/m/n/12 Arquitectura ba-sa-da en
 []

<./IMG/pytest.png, id=52, 2055.68pt x 2055.68pt>
File: ./IMG/pytest.png Graphic file (type png)
<use ./IMG/pytest.png>
Package pdftex.def Info: ./IMG/pytest.png  used on input line 186.
(pdftex.def)             Requested size: 140.92793pt x 140.90106pt.

LaTeX Warning: `!h' float specifier changed to `!ht'.


LaTeX Warning: `!h' float specifier changed to `!ht'.



[5]
Underfull \vbox (badness 1057) has occurred while \output is active []



[6 <./IMG/pytest.png>]
<./IMG/katalon.jpeg, id=74, 1204.5pt x 630.355pt>
File: ./IMG/katalon.jpeg Graphic file (type jpg)
<use ./IMG/katalon.jpeg>
Package pdftex.def Info: ./IMG/katalon.jpeg  used on input line 214.
(pdftex.def)             Requested size: 140.92793pt x 73.74449pt.

Underfull \hbox (badness 10000) in paragraph at lines 246--246
[]|\T1/lmr/m/n/12 Pruebas Mó-vi-les
 []


LaTeX Warning: `!h' float specifier changed to `!ht'.



[7 <./IMG/katalon.jpeg>]
Underfull \vbox (badness 1701) has occurred while \output is active []



[8]
<./IMG/cypress.png, id=95, 262.0992pt x 106.2369pt>
File: ./IMG/cypress.png Graphic file (type png)
<use ./IMG/cypress.png>
Package pdftex.def Info: ./IMG/cypress.png  used on input line 262.
(pdftex.def)             Requested size: 140.92793pt x 57.12227pt.


LaTeX Warning: `!h' float specifier changed to `!ht'.



[9 <./IMG/cypress.png>]
Underfull \hbox (badness 1406) in paragraph at lines 304--304
[]|\T1/lmr/m/n/12 Estructura de eje-cu-
 []


Underfull \hbox (badness 10000) in paragraph at lines 308--308
[]|\T1/lmr/m/n/12 Interfaz de usua-rio
 []


Underfull \hbox (badness 10000) in paragraph at lines 316--316
[]|\T1/lmr/m/n/12 Comprobaciones de
 []


Underfull \hbox (badness 4492) in paragraph at lines 318--318
[]|\T1/lmr/m/n/12 Pruebas E2E y de
 []


LaTeX Warning: `!h' float specifier changed to `!ht'.



[10]
LaTeX Font Info:    External font `lmex10' loaded for size
(Font)              <10.95> on input line 335.

Underfull \hbox (badness 1968) in paragraph at lines 339--339
[]|\T1/lmr/m/n/10.95 Web (UI, re-gre-
 []


Underfull \hbox (badness 10000) in paragraph at lines 339--339
[]|\T1/lmr/m/n/10.95 Unitarias y
 []


Underfull \hbox (badness 10000) in paragraph at lines 339--339
\T1/lmr/m/n/10.95 fun-cio-na-les
 []


Underfull \hbox (badness 7814) in paragraph at lines 341--341
[]|\T1/lmr/bx/n/10.95 Lenguajes So-
 []


Underfull \hbox (badness 10000) in paragraph at lines 341--341
[]|\T1/lmr/m/n/10.95 Java, Python,
 []


Underfull \hbox (badness 10000) in paragraph at lines 341--341
[]|\T1/lmr/m/n/10.95 Groovy (ba-sa-do
 []


Underfull \hbox (badness 10000) in paragraph at lines 343--343
[]|\T1/lmr/bx/n/10.95 Curva de
 []


Underfull \hbox (badness 10000) in paragraph at lines 343--343
\T1/lmr/bx/n/10.95 Apren-di-za-
 []


Underfull \hbox (badness 3713) in paragraph at lines 343--343
[]|\T1/lmr/m/n/10.95 Requiere co-no-ci-
 []


Underfull \hbox (badness 2547) in paragraph at lines 343--343
\T1/lmr/m/n/10.95 mien-tos de pro-
 []


Underfull \hbox (badness 10000) in paragraph at lines 343--343
[]|\T1/lmr/m/n/10.95 Sintaxis sim-ple,
 []


Underfull \hbox (badness 1783) in paragraph at lines 345--345
[]|\T1/lmr/bx/n/10.95 Ventajas Prin-
 []


Underfull \hbox (badness 10000) in paragraph at lines 345--345
[]|\T1/lmr/m/n/10.95 Código abier-to,
 []


Underfull \hbox (badness 10000) in paragraph at lines 345--345
\T1/lmr/m/n/10.95 so-por-te co-mu-
 []


Underfull \hbox (badness 10000) in paragraph at lines 345--345
\T1/lmr/m/n/10.95 ni-ta-rio, prue-bas
 []


Underfull \hbox (badness 10000) in paragraph at lines 345--345
[]|\T1/lmr/m/n/10.95 Sintaxis sim-ple,
 []


Underfull \hbox (badness 4013) in paragraph at lines 345--345
\T1/lmr/m/n/10.95 uso de fix-tu-res,
 []


Underfull \hbox (badness 10000) in paragraph at lines 345--345
[]|\T1/lmr/m/n/10.95 Interfaz vi-sual,
 []


Underfull \hbox (badness 10000) in paragraph at lines 345--345
\T1/lmr/m/n/10.95 ti-ples pla-ta-for-
 []


Underfull \hbox (badness 10000) in paragraph at lines 347--347
[]|\T1/lmr/bx/n/10.95 Desventajas
 []


Underfull \hbox (badness 10000) in paragraph at lines 347--347
[]|\T1/lmr/m/n/10.95 No ideal pa-ra
 []


Underfull \hbox (badness 10000) in paragraph at lines 347--347
\T1/lmr/m/n/10.95 prue-bas mó-vi-les
 []


Underfull \hbox (badness 10000) in paragraph at lines 347--347
[]|\T1/lmr/m/n/10.95 No ap-to pa-ra
 []


Underfull \hbox (badness 10000) in paragraph at lines 347--347
[]|\T1/lmr/m/n/10.95 Limitaciones al
 []


Underfull \hbox (badness 10000) in paragraph at lines 347--347
\T1/lmr/m/n/10.95 com-bi-nar pa-sos
 []


Underfull \hbox (badness 10000) in paragraph at lines 347--347
\T1/lmr/m/n/10.95 de Se-le-nium y
 []


Underfull \hbox (badness 10000) in paragraph at lines 347--348
\T1/lmr/m/n/10.95 bas mó-vi-les ni
 []


Underfull \hbox (badness 10000) in paragraph at lines 347--348
\T1/lmr/m/n/10.95 múl-ti-ples pes-ta-
 []


Underfull \hbox (badness 10000) in paragraph at lines 349--349
[]|\T1/lmr/bx/n/10.95 Características
 []


Underfull \hbox (badness 10000) in paragraph at lines 349--349
[]|\T1/lmr/m/n/10.95 Automatización
 []


Underfull \hbox (badness 6741) in paragraph at lines 349--349
\T1/lmr/m/n/10.95 pro-gra-má-ti-ca de
 []


Underfull \hbox (badness 5862) in paragraph at lines 349--349
[]|\T1/lmr/m/n/10.95 Introspección de
 []


Underfull \hbox (badness 10000) in paragraph at lines 349--349
[]|\T1/lmr/m/n/10.95 Grabación y
 []


Underfull \hbox (badness 10000) in paragraph at lines 349--349
\T1/lmr/m/n/10.95 re-pro-duc-ción de
 []


Underfull \hbox (badness 10000) in paragraph at lines 349--349
\T1/lmr/m/n/10.95 prue-bas, auto-
 []


Underfull \hbox (badness 3884) in paragraph at lines 349--350
\T1/lmr/m/n/10.95 na-ve-ga-dor, es-pe-
 []


Underfull \hbox (badness 5008) in paragraph at lines 349--350
\T1/lmr/m/n/10.95 ras au-to-má-ti-cas,
 []


Overfull \hbox (19.43625pt too wide) in paragraph at lines 335--352
 [][] 
 []


LaTeX Warning: `!h' float specifier changed to `!ht'.



[11]
<./IMG/latex.png, id=125, 2569.6pt x 1071.00125pt>
File: ./IMG/latex.png Graphic file (type png)
<use ./IMG/latex.png>
Package pdftex.def Info: ./IMG/latex.png  used on input line 366.
(pdftex.def)             Requested size: 140.92793pt x 58.73366pt.


LaTeX Warning: `!h' float specifier changed to `!ht'.


Overfull \vbox (26.64702pt too high) has occurred while \output is active []



[12]

[13 <./IMG/latex.png>]

LaTeX Warning: Citation 'asciidoctor' on page 14 undefined on input line 404.

<./IMG/asccidoctor.png, id=156, 1204.5pt x 677.53125pt>
File: ./IMG/asccidoctor.png Graphic file (type png)
<use ./IMG/asccidoctor.png>
Package pdftex.def Info: ./IMG/asccidoctor.png  used on input line 413.
(pdftex.def)             Requested size: 140.92793pt x 79.2636pt.

LaTeX Warning: Citation 'asciidoctor' on page 14 undefined on input line 414.



[14 <./IMG/asccidoctor.png>]

LaTeX Warning: Citation 'asciidoctor_documentation' on page 15 undefined on inp
ut line 446.


LaTeX Warning: Citation 'sphinx_doc' on page 15 undefined on input line 452.

<./IMG/sphinx_logo.png, id=170, 770.88pt x 195.73125pt>
File: ./IMG/sphinx_logo.png Graphic file (type png)
<use ./IMG/sphinx_logo.png>
Package pdftex.def Info: ./IMG/sphinx_logo.png  used on input line 458.
(pdftex.def)             Requested size: 140.92793pt x 35.77963pt.

LaTeX Warning: Citation 'sphinx_doc' on page 15 undefined on input line 459.


LaTeX Warning: `!h' float specifier changed to `!ht'.



[15]

LaTeX Warning: Citation 'molyneaux2024python_docs' on page 16 undefined on inpu
t line 479.


Underfull \hbox (badness 1331) in paragraph at lines 486--486
[]|\T1/lmr/m/n/12 Muy fle-xi-ble y ex-ten-si-ble
 []


Underfull \hbox (badness 1389) in paragraph at lines 487--487
[]|\T1/lmr/m/n/12 Ideal pa-ra do-cu-men-ta-ción
 []


LaTeX Warning: `!h' float specifier changed to `!ht'.



[16 <./IMG/sphinx_logo.png>]
<./IMG/swagger.jpeg, id=188, 602.25pt x 225.84375pt>
File: ./IMG/swagger.jpeg Graphic file (type jpg)
<use ./IMG/swagger.jpeg>
Package pdftex.def Info: ./IMG/swagger.jpeg  used on input line 512.
(pdftex.def)             Requested size: 140.92793pt x 52.84584pt.


[17 <./IMG/swagger.jpeg>]

[18]
<./IMG/postman.png, id=210, 409.53pt x 123.46124pt>
File: ./IMG/postman.png Graphic file (type png)
<use ./IMG/postman.png>
Package pdftex.def Info: ./IMG/postman.png  used on input line 549.
(pdftex.def)             Requested size: 140.92793pt x 42.48679pt.

Underfull \hbox (badness 1997) in paragraph at lines 562--562
[]|\T1/lmr/m/n/12 GET, POST, PUT, PATCH, DE-LE-TE, OP-
 []


LaTeX Warning: `!h' float specifier changed to `!ht'.



[19 <./IMG/postman.png>]
Underfull \hbox (badness 1418) in paragraph at lines 584--584
[]|\T1/lmr/m/n/12 Compatible con cual-quier API
 []


Underfull \hbox (badness 10000) in paragraph at lines 584--584
[]|\T1/lmr/m/n/12 Requiere cuen-ta on-li-ne
 []


Underfull \hbox (badness 10000) in paragraph at lines 584--584
\T1/lmr/m/n/12 pa-ra com-par-tir co-lec-cio-
 []


Underfull \hbox (badness 10000) in paragraph at lines 585--585
[]|\T1/lmr/m/n/12 Documentación au-to-má-ti-ca a
 []


Underfull \hbox (badness 10000) in paragraph at lines 585--585
[]|\T1/lmr/m/n/12 Algunas fun-cio-nes avan-za-das
 []


Underfull \hbox (badness 3068) in paragraph at lines 585--585
\T1/lmr/m/n/12 (mo-ni-to-ri-za-ción, API moc-king,
 []


LaTeX Warning: `!h' float specifier changed to `!ht'.



[20]
Underfull \hbox (badness 10000) in paragraph at lines 608--608
[]|\T1/lmr/bx/n/12 Básico
 []


Underfull \hbox (badness 10000) in paragraph at lines 608--608
\T1/lmr/m/n/12 ($14/usua-
 []


Underfull \hbox (badness 10000) in paragraph at lines 613--613
[]|\T1/lmr/bx/n/12 Profesional
 []


Underfull \hbox (badness 10000) in paragraph at lines 613--613
\T1/lmr/m/n/12 ($29/usua-
 []


Underfull \hbox (badness 10000) in paragraph at lines 618--618
[]|\T1/lmr/bx/n/12 Empresa
 []


Underfull \hbox (badness 10000) in paragraph at lines 618--618
\T1/lmr/m/n/12 ($49/usua-
 []


LaTeX Warning: `!h' float specifier changed to `!ht'.



[21]
Underfull \vbox (badness 2486) has occurred while \output is active []



[22]
<./IMG/apidog.png, id=247, 1606.0pt x 592.2125pt>
File: ./IMG/apidog.png Graphic file (type png)
<use ./IMG/apidog.png>
Package pdftex.def Info: ./IMG/apidog.png  used on input line 635.
(pdftex.def)             Requested size: 140.92793pt x 51.95943pt.


[23 <./IMG/apidog.png (PNG copy)>]
Underfull \hbox (badness 10000) in paragraph at lines 695--695
[]|\T1/lmr/bx/n/12 Profesional
 []


LaTeX Warning: `!h' float specifier changed to `!ht'.



[24]
Underfull \hbox (badness 6559) in paragraph at lines 714--714
[]|\T1/lmr/bx/n/12 Swagger (Ope-nA-
 []

LaTeX Font Info:    Trying to load font information for T1+lmtt on input line 7
16.
(C:\Users\Gio\AppData\Local\Programs\MiKTeX\tex/latex/lm\t1lmtt.fd
File: t1lmtt.fd 2015/05/01 v1.6.1 Font defs for Latin Modern
)
Overfull \hbox (3.51404pt too wide) in paragraph at lines 716--716
[]|\T1/lmtt/m/n/12 https://swagger.io/| 
 []


Overfull \hbox (34.38905pt too wide) in paragraph at lines 716--716
[]|\T1/lmtt/m/n/12 https://www.postman.com/| 
 []


Overfull \hbox (3.51404pt too wide) in paragraph at lines 716--717
[]|\T1/lmtt/m/n/12 https://apidog.com/| 
 []


Underfull \hbox (badness 10000) in paragraph at lines 718--718
[]|\T1/lmr/m/n/12 Sí, per-mi-te pro-bar
 []


Underfull \hbox (badness 10000) in paragraph at lines 718--718
\T1/lmr/m/n/12 end-points y ver
 []


Underfull \hbox (badness 4752) in paragraph at lines 718--718
\T1/lmr/m/n/12 ter-ac-ti-va ba-sa-da en
 []


Underfull \hbox (badness 10000) in paragraph at lines 720--720
[]|\T1/lmr/m/n/12 Java, Python, No-
 []


Underfull \hbox (badness 1292) in paragraph at lines 720--721
[]|\T1/lmr/m/n/12 OpenAPI 2.0 y 3.0,
 []


Underfull \hbox (badness 10000) in paragraph at lines 720--721
\T1/lmr/m/n/12 Swag-ger, REST,
 []


Underfull \hbox (badness 4543) in paragraph at lines 724--724
[]|\T1/lmr/m/n/12 Métodos HTTP so-
 []


Underfull \hbox (badness 3690) in paragraph at lines 724--724
[]|\T1/lmr/m/n/12 GET, POST, PUT,
 []


Underfull \hbox (badness 10000) in paragraph at lines 724--724
\T1/lmr/m/n/12 PATCH, DE-LE-TE,
 []


Underfull \hbox (badness 3690) in paragraph at lines 724--724
[]|\T1/lmr/m/n/12 GET, POST, PUT,
 []


Underfull \hbox (badness 10000) in paragraph at lines 724--724
\T1/lmr/m/n/12 PATCH, DE-LE-TE,
 []


Underfull \hbox (badness 3690) in paragraph at lines 724--725
[]|\T1/lmr/m/n/12 GET, POST, PUT,
 []


Underfull \hbox (badness 10000) in paragraph at lines 724--725
\T1/lmr/m/n/12 PATCH, DE-LE-TE,
 []


Underfull \hbox (badness 3000) in paragraph at lines 726--727
[]|\T1/lmr/m/n/12 Variables glo-ba-les y
 []


Underfull \hbox (badness 2269) in paragraph at lines 728--728
[]|\T1/lmr/m/n/12 Definición de es-que-
 []


Underfull \hbox (badness 10000) in paragraph at lines 728--728
[]|\T1/lmr/m/n/12 Modelos de da-
 []


Underfull \hbox (badness 10000) in paragraph at lines 728--728
\T1/lmr/m/n/12 tos, au-ten-ti-ca-ción,
 []


Underfull \hbox (badness 10000) in paragraph at lines 728--728
[]|\T1/lmr/m/n/12 Colecciones de re-
 []


Underfull \hbox (badness 10000) in paragraph at lines 728--728
\T1/lmr/m/n/12 quests y tests en
 []


Underfull \hbox (badness 10000) in paragraph at lines 728--729
\T1/lmr/m/n/12 va-li-da-ción de end-
 []


Underfull \hbox (badness 1454) in paragraph at lines 728--729
\T1/lmr/m/n/12 points y de-fi-ni-cio-nes
 []


Underfull \hbox (badness 10000) in paragraph at lines 734--734
[]|\T1/lmr/m/n/12 Depende de he-rra-
 []


Underfull \hbox (badness 10000) in paragraph at lines 734--734
[]|\T1/lmr/m/n/12 CI/CD: Jen-kins,
 []


Underfull \hbox (badness 10000) in paragraph at lines 734--734
\T1/lmr/m/n/12 GitHub Ac-tions,
 []


Underfull \hbox (badness 4492) in paragraph at lines 734--735
[]|\T1/lmr/m/n/12 Compatible con co-
 []


Underfull \hbox (badness 1895) in paragraph at lines 736--736
\T1/lmr/m/n/12 má-ti-ca. Prue-bas au-
 []


Underfull \hbox (badness 1406) in paragraph at lines 736--737
\T1/lmr/m/n/12 Swag-ger y Post-man.
 []


Underfull \hbox (badness 10000) in paragraph at lines 736--737
\T1/lmr/m/n/12 do. Do-cu-men-ta-ción
 []


Underfull \hbox (badness 10000) in paragraph at lines 736--737
\T1/lmr/m/n/12 in-ter-ac-ti-va. Com-pa-
 []


Underfull \hbox (badness 10000) in paragraph at lines 736--737
\T1/lmr/m/n/12 ti-ble con múl-ti-ples
 []


Underfull \hbox (badness 10000) in paragraph at lines 736--737
\T1/lmr/m/n/12 for-ma-tos. Co-la-bo-
 []


Underfull \hbox (badness 2503) in paragraph at lines 736--737
\T1/lmr/m/n/12 ra-ción y con-trol de
 []


Underfull \hbox (badness 3250) in paragraph at lines 738--738
[]|\T1/lmr/m/n/12 Limitaciones / Des-
 []


Underfull \hbox (badness 4621) in paragraph at lines 738--738
\T1/lmr/m/n/12 Ope-nA-PI. Per-so-na-li-
 []


Underfull \hbox (badness 1048) in paragraph at lines 738--738
[]|\T1/lmr/m/n/12 Consume más re-cur-
 []


Underfull \hbox (badness 10000) in paragraph at lines 738--738
\T1/lmr/m/n/12 de pa-go. Re-quie-re
 []


Underfull \hbox (badness 10000) in paragraph at lines 738--739
[]|\T1/lmr/m/n/12 Algunas fun-cio-nes
 []


Underfull \hbox (badness 10000) in paragraph at lines 738--739
\T1/lmr/m/n/12 avan-za-das re-quie-
 []


Underfull \hbox (badness 10000) in paragraph at lines 738--739
\T1/lmr/m/n/12 ren pa-go. Me-nos
 []


Underfull \hbox (badness 1178) in paragraph at lines 738--739
\T1/lmr/m/n/12 de de la nu-be pa-ra
 []


Overfull \hbox (35.48903pt too wide) in paragraph at lines 712--743
 [][] 
 []


LaTeX Warning: Float too large for page by 605.8451pt on input line 744.


LaTeX Warning: `!h' float specifier changed to `!ht'.



[25]

[26]

[27

]

[28

] AED endfloat: Processing end Figures and Tables

[29] (main.aux
LaTeX Info: Redefining \sptext on input line 12.
LaTeX Info: Redefining \. on input line 12.
LaTeX Info: Redefining \% on input line 12.
)
 ***********
LaTeX2e <2025-06-01> patch level 1
L3 programming layer <2025-08-13>
 ***********


LaTeX Warning: There were undefined references.


LaTeX Warning: Label(s) may have changed. Rerun to get cross-references right.


Package rerunfilecheck Warning: File `main.out' has changed.
(rerunfilecheck)                Rerun to get outlines right
(rerunfilecheck)                or use package `bookmark'.

Package rerunfilecheck Info: Checksums for `main.out':
(rerunfilecheck)             Before: <no file>
(rerunfilecheck)             After:  E9CFB92D639D8816A66CC3FBFA4DBDE6;6827.

Package biblatex Warning: Please (re)run Biber on the file:
(biblatex)                main
(biblatex)                and rerun LaTeX afterwards.

Package logreq Info: Writing requests to 'main.run.xml'.
\openout1 = `main.run.xml'.

 ) 
Here is how much of TeX's memory you used:
 33609 strings out of 468255
 646032 string characters out of 5441120
 1553483 words of memory out of 5000000
 61476 multiletter control sequences out of 15000+600000
 681319 words of font info for 75 fonts, out of 8000000 for 9000
 1141 hyphenation exceptions out of 8191
 99i,12n,105p,782b,2815s stack positions out of 10000i,1000n,20000p,200000b,200000s
<C:/Users/Gio/AppData/Local/Programs/MiKTeX/fonts/type1/public/lm/lmbx10.pfb>
<C:/Users/Gio/AppData/Local/Programs/MiKTeX/fonts/type1/public/lm/lmbx12.pfb><C
:/Users/Gio/AppData/Local/Programs/MiKTeX/fonts/type1/public/lm/lmbxi10.pfb><C:
/Users/Gio/AppData/Local/Programs/MiKTeX/fonts/type1/public/lm/lmr10.pfb><C:/Us
ers/Gio/AppData/Local/Programs/MiKTeX/fonts/type1/public/lm/lmr12.pfb><C:/Users
/Gio/AppData/Local/Programs/MiKTeX/fonts/type1/public/lm/lmr8.pfb><C:/Users/Gio
/AppData/Local/Programs/MiKTeX/fonts/type1/public/lm/lmri12.pfb><C:/Users/Gio/A
ppData/Local/Programs/MiKTeX/fonts/type1/public/lm/lmtt12.pfb>
Output written on main.pdf (29 pages, 841441 bytes).
PDF statistics:
 379 PDF objects out of 1000 (max. 8388607)
 139 named destinations out of 1000 (max. 500000)
 68 words of extra memory for PDF output out of 10000 (max. 10000000)

