\BOOKMARK [1][-]{section*.2}{\376\377\000H\000e\000r\000r\000a\000m\000i\000e\000n\000t\000a\000s\000\040\000A\000u\000t\000o\000m\000a\000t\000i\000z\000a\000d\000a\000s\000\040\000d\000e\000\040\000P\000r\000u\000e\000b\000a\000s\000\040\000d\000e\000\040\000S\000o\000f\000t\000w\000a\000r\000e}{}% 1
\BOOKMARK [2][-]{section*.3}{\376\377\0001\000-\000\040\000S\000e\000l\000e\000n\000i\000u\000m}{section*.2}% 2
\BOOKMARK [3][-]{section*.5}{\376\377\000C\000a\000r\000a\000c\000t\000e\000r\000\355\000s\000t\000i\000c\000a\000s}{section*.3}% 3
\BOOKMARK [3][-]{section*.6}{\376\377\000C\000u\000a\000d\000r\000o\000\040\000c\000o\000m\000p\000a\000r\000a\000t\000i\000v\000o\000\040\000v\000e\000n\000t\000a\000j\000a\000s\000\040\000y\000\040\000d\000e\000s\000v\000e\000n\000t\000a\000j\000a\000s}{section*.3}% 4
\BOOKMARK [2][-]{section*.9}{\376\377\0002\000-\000\040\000P\000y\000T\000e\000s\000t}{section*.2}% 5
\BOOKMARK [3][-]{section*.10}{\376\377\000C\000a\000r\000a\000c\000t\000e\000r\000\355\000s\000t\000i\000c\000a\000s\000\040\000P\000y\000e\000s\000t}{section*.9}% 6
\BOOKMARK [3][-]{section*.13}{\376\377\000v\000e\000n\000t\000a\000j\000a\000s\000\040\000y\000\040\000d\000e\000s\000v\000e\000n\000t\000a\000j\000a\000s\000\040\000P\000y\000t\000e\000s\000t}{section*.9}% 7
\BOOKMARK [2][-]{section*.15}{\376\377\0003\000-\000\040\000K\000a\000t\000a\000l\000o\000n}{section*.2}% 8
\BOOKMARK [3][-]{section*.17}{\376\377\000v\000e\000n\000t\000j\000a\000s\000\040\000y\000\040\000d\000e\000s\000v\000e\000n\000t\000a\000j\000a\000s\000\040\000K\000a\000t\000a\000l\000o\000n}{section*.15}% 9
\BOOKMARK [3][-]{section*.19}{\376\377\000C\000a\000r\000a\000c\000t\000e\000r\000\355\000s\000t\000i\000c\000a\000s\000\040\000K\000a\000t\000a\000l\000o\000n}{section*.15}% 10
\BOOKMARK [2][-]{section*.21}{\376\377\0004\000-\000\040\000C\000y\000p\000r\000e\000s\000s}{section*.2}% 11
\BOOKMARK [3][-]{section*.23}{\376\377\000O\000b\000j\000e\000t\000i\000v\000o\000\040\000p\000r\000i\000n\000c\000i\000p\000a\000l\000e\000s}{section*.21}% 12
\BOOKMARK [3][-]{section*.24}{\376\377\000v\000e\000n\000t\000a\000j\000a\000s\000\040\000y\000\040\000d\000e\000s\000v\000e\000n\000t\000a\000j\000a\000s}{section*.21}% 13
\BOOKMARK [3][-]{section*.26}{\376\377\000c\000a\000r\000a\000c\000t\000e\000r\000i\000s\000t\000i\000c\000a\000s\000\040\000C\000y\000p\000r\000e\000s\000s}{section*.21}% 14
\BOOKMARK [2][-]{section*.28}{\376\377\0005\000-\000\040\000C\000u\000a\000d\000r\000o\000\040\000c\000o\000m\000p\000a\000r\000a\000t\000i\000v\000o\000\040\000h\000e\000r\000r\000a\000m\000i\000e\000n\000t\000a\000s\000\040\000p\000a\000r\000a\000\040\000a\000u\000t\000o\000m\000a\000t\000i\000z\000a\000r\000\040\000p\000r\000u\000e\000b\000a\000s\000\040\000d\000e\000\040\000s\000o\000f\000t\000w\000a\000r\000e}{section*.2}% 15
\BOOKMARK [1][-]{section*.30}{\376\377\000H\000e\000r\000r\000a\000m\000i\000e\000n\000t\000a\000s\000\040\000p\000a\000r\000a\000\040\000D\000o\000c\000u\000m\000e\000n\000t\000a\000c\000i\000\363\000n\000\040\000d\000e\000\040\000S\000o\000f\000t\000w\000a\000r\000e}{}% 16
\BOOKMARK [2][-]{section*.31}{\376\377\000L\000a\000T\000e\000X}{section*.30}% 17
\BOOKMARK [3][-]{section*.33}{\376\377\000O\000b\000j\000e\000t\000i\000v\000o\000\040\000P\000r\000i\000n\000c\000i\000p\000a\000l}{section*.31}% 18
\BOOKMARK [3][-]{section*.34}{\376\377\000C\000a\000r\000a\000c\000t\000e\000r\000\355\000s\000t\000i\000c\000a\000s\000\040\000T\000\351\000c\000n\000i\000c\000a\000s}{section*.31}% 19
\BOOKMARK [3][-]{section*.35}{\376\377\000V\000e\000n\000t\000a\000j\000a\000s}{section*.31}% 20
\BOOKMARK [3][-]{section*.36}{\376\377\000D\000e\000s\000v\000e\000n\000t\000a\000j\000a\000s}{section*.31}% 21
\BOOKMARK [2][-]{section*.37}{\376\377\000A\000s\000c\000i\000i\000D\000o\000c}{section*.30}% 22
\BOOKMARK [3][-]{section*.39}{\376\377\000C\000a\000r\000a\000c\000t\000e\000r\000\355\000s\000t\000i\000c\000a\000s\000\040\000p\000r\000i\000n\000c\000i\000p\000a\000l\000e\000s}{section*.37}% 23
\BOOKMARK [3][-]{section*.40}{\376\377\000V\000e\000n\000t\000a\000j\000a\000s\000\040\000y\000\040\000d\000e\000s\000v\000e\000n\000t\000a\000j\000a\000s}{section*.37}% 24
\BOOKMARK [2][-]{section*.42}{\376\377\000S\000p\000h\000i\000n\000x}{section*.30}% 25
\BOOKMARK [3][-]{section*.44}{\376\377\000C\000a\000r\000a\000c\000t\000e\000r\000\355\000s\000t\000i\000c\000a\000s}{section*.42}% 26
\BOOKMARK [1][-]{section*.45}{\376\377\000H\000e\000r\000r\000a\000m\000i\000e\000n\000t\000a\000s\000\040\000p\000a\000r\000a\000\040\000d\000o\000c\000u\000m\000e\000n\000t\000a\000r\000\040\000A\000P\000I\000s\000\040\000R\000E\000S\000T\000.}{}% 27
\BOOKMARK [2][-]{section*.46}{\376\377\0001\000.\000\040\000S\000w\000a\000g\000g\000e\000r\000\040\000\050\000O\000p\000e\000n\000A\000P\000I\000\051}{section*.45}% 28
\BOOKMARK [3][-]{section*.48}{\376\377\000C\000a\000r\000a\000c\000t\000e\000r\000\355\000s\000t\000i\000c\000a\000s}{section*.46}% 29
\BOOKMARK [3][-]{section*.49}{\376\377\000V\000e\000n\000t\000a\000j\000a\000s\000\040\000y\000\040\000L\000i\000m\000i\000t\000a\000c\000i\000o\000n\000e\000s}{section*.46}% 30
\BOOKMARK [2][-]{section*.52}{\376\377\0002\000.\000\040\000P\000o\000s\000t\000m\000a\000n\000\040}{section*.45}% 31
\BOOKMARK [3][-]{section*.54}{\376\377\000C\000a\000r\000a\000c\000t\000e\000r\000\355\000s\000t\000i\000c\000a\000s\000\040\000T\000\351\000c\000n\000i\000c\000a\000s}{section*.52}% 32
\BOOKMARK [3][-]{section*.56}{\376\377\000V\000e\000n\000t\000a\000j\000a\000s\000\040\000y\000\040\000d\000e\000s\000v\000e\000n\000t\000a\000j\000a\000s}{section*.52}% 33
\BOOKMARK [3][-]{section*.58}{\376\377\000P\000l\000a\000n\000e\000s\000\040\000d\000e\000\040\000p\000o\000s\000t\000m\000a\000n}{section*.52}% 34
\BOOKMARK [2][-]{section*.60}{\376\377\0003\000.\000\040\000A\000p\000i\000d\000o\000g\000\040}{section*.45}% 35
\BOOKMARK [3][-]{section*.63}{\376\377\000V\000e\000n\000t\000a\000j\000a\000s\000\040\000y\000\040\000D\000e\000s\000v\000e\000n\000t\000a\000j\000a\000s}{section*.60}% 36
\BOOKMARK [3][-]{section*.64}{\376\377\000P\000r\000e\000c\000i\000o\000s}{section*.60}% 37
\BOOKMARK [2][-]{section*.66}{\376\377\0005\000-\000\040\000C\000u\000a\000d\000r\000o\000\040\000c\000o\000m\000p\000a\000r\000a\000t\000i\000v\000o\000\040\000h\000e\000r\000r\000a\000m\000i\000e\000n\000t\000a\000s\000\040\000p\000a\000r\000a\000\040\000d\000o\000c\000u\000m\000e\000n\000t\000a\000r\000\040\000A\000P\000I\000\040\000R\000e\000s\000t}{section*.45}% 38
\BOOKMARK [1][-]{section*.68}{\376\377\000C\000o\000n\000c\000l\000u\000s\000i\000o\000n\000e\000s}{}% 39
